Archive member included to satisfy reference by file (symbol)

/home/vakee/petalinux/tools/xsct/gnu/aarch32/lin/gcc-arm-none-eabi/bin/../aarch32-xilinx-eabi/usr/lib/thumb/nofp/libg.a(lib_a-atexit.o)
                              /home/vakee/petalinux/tools/xsct/gnu/aarch32/lin/gcc-arm-none-eabi/bin/../aarch32-xilinx-eabi/usr/lib/thumb/nofp/crt0.o (atexit)
/home/vakee/petalinux/tools/xsct/gnu/aarch32/lin/gcc-arm-none-eabi/bin/../aarch32-xilinx-eabi/usr/lib/thumb/nofp/libg.a(lib_a-exit.o)
                              /home/vakee/petalinux/tools/xsct/gnu/aarch32/lin/gcc-arm-none-eabi/bin/../aarch32-xilinx-eabi/usr/lib/thumb/nofp/crt0.o (exit)
/home/vakee/petalinux/tools/xsct/gnu/aarch32/lin/gcc-arm-none-eabi/bin/../aarch32-xilinx-eabi/usr/lib/thumb/nofp/libg.a(lib_a-fini.o)
                              /home/vakee/petalinux/tools/xsct/gnu/aarch32/lin/gcc-arm-none-eabi/bin/../aarch32-xilinx-eabi/usr/lib/thumb/nofp/crt0.o (__libc_fini_array)
/home/vakee/petalinux/tools/xsct/gnu/aarch32/lin/gcc-arm-none-eabi/bin/../aarch32-xilinx-eabi/usr/lib/thumb/nofp/libg.a(lib_a-impure.o)
                              /home/vakee/petalinux/tools/xsct/gnu/aarch32/lin/gcc-arm-none-eabi/bin/../aarch32-xilinx-eabi/usr/lib/thumb/nofp/libg.a(lib_a-exit.o) (_global_impure_ptr)
/home/vakee/petalinux/tools/xsct/gnu/aarch32/lin/gcc-arm-none-eabi/bin/../aarch32-xilinx-eabi/usr/lib/thumb/nofp/libg.a(lib_a-init.o)
                              /home/vakee/petalinux/tools/xsct/gnu/aarch32/lin/gcc-arm-none-eabi/bin/../aarch32-xilinx-eabi/usr/lib/thumb/nofp/crt0.o (__libc_init_array)
/home/vakee/petalinux/tools/xsct/gnu/aarch32/lin/gcc-arm-none-eabi/bin/../aarch32-xilinx-eabi/usr/lib/thumb/nofp/libg.a(lib_a-malloc.o)
                              /tmp/ccD7CcEm.o (malloc)
/home/vakee/petalinux/tools/xsct/gnu/aarch32/lin/gcc-arm-none-eabi/bin/../aarch32-xilinx-eabi/usr/lib/thumb/nofp/libg.a(lib_a-mallocr.o)
                              /home/vakee/petalinux/tools/xsct/gnu/aarch32/lin/gcc-arm-none-eabi/bin/../aarch32-xilinx-eabi/usr/lib/thumb/nofp/libg.a(lib_a-malloc.o) (_malloc_r)
/home/vakee/petalinux/tools/xsct/gnu/aarch32/lin/gcc-arm-none-eabi/bin/../aarch32-xilinx-eabi/usr/lib/thumb/nofp/libg.a(lib_a-memset.o)
                              /home/vakee/petalinux/tools/xsct/gnu/aarch32/lin/gcc-arm-none-eabi/bin/../aarch32-xilinx-eabi/usr/lib/thumb/nofp/crt0.o (memset)
/home/vakee/petalinux/tools/xsct/gnu/aarch32/lin/gcc-arm-none-eabi/bin/../aarch32-xilinx-eabi/usr/lib/thumb/nofp/libg.a(lib_a-mlock.o)
                              /home/vakee/petalinux/tools/xsct/gnu/aarch32/lin/gcc-arm-none-eabi/bin/../aarch32-xilinx-eabi/usr/lib/thumb/nofp/libg.a(lib_a-mallocr.o) (__malloc_lock)
/home/vakee/petalinux/tools/xsct/gnu/aarch32/lin/gcc-arm-none-eabi/bin/../aarch32-xilinx-eabi/usr/lib/thumb/nofp/libg.a(lib_a-sbrkr.o)
                              /home/vakee/petalinux/tools/xsct/gnu/aarch32/lin/gcc-arm-none-eabi/bin/../aarch32-xilinx-eabi/usr/lib/thumb/nofp/libg.a(lib_a-mallocr.o) (_sbrk_r)
/home/vakee/petalinux/tools/xsct/gnu/aarch32/lin/gcc-arm-none-eabi/bin/../aarch32-xilinx-eabi/usr/lib/thumb/nofp/libg.a(lib_a-__atexit.o)
                              /home/vakee/petalinux/tools/xsct/gnu/aarch32/lin/gcc-arm-none-eabi/bin/../aarch32-xilinx-eabi/usr/lib/thumb/nofp/libg.a(lib_a-atexit.o) (__register_exitproc)
/home/vakee/petalinux/tools/xsct/gnu/aarch32/lin/gcc-arm-none-eabi/bin/../aarch32-xilinx-eabi/usr/lib/thumb/nofp/libg.a(lib_a-__call_atexit.o)
                              /home/vakee/petalinux/tools/xsct/gnu/aarch32/lin/gcc-arm-none-eabi/bin/../aarch32-xilinx-eabi/usr/lib/thumb/nofp/libg.a(lib_a-exit.o) (__call_exitprocs)
/home/vakee/petalinux/tools/xsct/gnu/aarch32/lin/gcc-arm-none-eabi/bin/../aarch32-xilinx-eabi/usr/lib/thumb/nofp/libg.a(lib_a-freer.o)
                              /home/vakee/petalinux/tools/xsct/gnu/aarch32/lin/gcc-arm-none-eabi/bin/../aarch32-xilinx-eabi/usr/lib/thumb/nofp/libg.a(lib_a-malloc.o) (_free_r)
/home/vakee/petalinux/tools/xsct/gnu/aarch32/lin/gcc-arm-none-eabi/bin/../aarch32-xilinx-eabi/usr/lib/thumb/nofp/libg.a(lib_a-reent.o)
                              /home/vakee/petalinux/tools/xsct/gnu/aarch32/lin/gcc-arm-none-eabi/bin/../aarch32-xilinx-eabi/usr/lib/thumb/nofp/libg.a(lib_a-sbrkr.o) (errno)

Allocating common symbols
Common symbol       size              file

errno               0x4               /home/vakee/petalinux/tools/xsct/gnu/aarch32/lin/gcc-arm-none-eabi/bin/../aarch32-xilinx-eabi/usr/lib/thumb/nofp/libg.a(lib_a-reent.o)

Memory Configuration

Name             Origin             Length             Attributes
*default*        0x0000000000000000 0xffffffffffffffff

Linker script and memory map

LOAD /home/vakee/petalinux/tools/xsct/gnu/aarch32/lin/gcc-arm-none-eabi/bin/../aarch32-xilinx-eabi/usr/lib/thumb/nofp/crti.o
LOAD /home/vakee/petalinux/tools/xsct/gnu/aarch32/lin/gcc-arm-none-eabi/bin/../aarch32-xilinx-eabi/usr/lib/thumb/nofp/crtbegin.o
LOAD /home/vakee/petalinux/tools/xsct/gnu/aarch32/lin/gcc-arm-none-eabi/bin/../aarch32-xilinx-eabi/usr/lib/thumb/nofp/crt0.o
LOAD /tmp/ccD7CcEm.o
LOAD /tmp/ccOJ1upo.o
START GROUP
LOAD /home/vakee/petalinux/tools/xsct/gnu/aarch32/lin/gcc-arm-none-eabi/bin/../aarch32-xilinx-eabi/usr/lib/thumb/nofp/libgcc.a
LOAD /home/vakee/petalinux/tools/xsct/gnu/aarch32/lin/gcc-arm-none-eabi/bin/../aarch32-xilinx-eabi/usr/lib/thumb/nofp/libg.a
LOAD /home/vakee/petalinux/tools/xsct/gnu/aarch32/lin/gcc-arm-none-eabi/bin/../aarch32-xilinx-eabi/usr/lib/thumb/nofp/libc.a
END GROUP
LOAD /home/vakee/petalinux/tools/xsct/gnu/aarch32/lin/gcc-arm-none-eabi/bin/../aarch32-xilinx-eabi/usr/lib/thumb/nofp/crtend.o
LOAD /home/vakee/petalinux/tools/xsct/gnu/aarch32/lin/gcc-arm-none-eabi/bin/../aarch32-xilinx-eabi/usr/lib/thumb/nofp/crtn.o
                [!provide]                        PROVIDE (__executable_start = SEGMENT_START ("text-segment", 0x8000))
                0x0000000000008000                . = SEGMENT_START ("text-segment", 0x8000)

.interp
 *(.interp)

.note.gnu.build-id
                0x0000000000008000       0x24
 *(.note.gnu.build-id)
 .note.gnu.build-id
                0x0000000000008000       0x24 linker stubs

.hash
 *(.hash)

.gnu.hash
 *(.gnu.hash)

.dynsym
 *(.dynsym)

.dynstr
 *(.dynstr)

.gnu.version
 *(.gnu.version)

.gnu.version_d
 *(.gnu.version_d)

.gnu.version_r
 *(.gnu.version_r)

.rel.dyn        0x0000000000008024        0x0
 *(.rel.init)
 *(.rel.text .rel.text.* .rel.gnu.linkonce.t.*)
 *(.rel.fini)
 *(.rel.rodata .rel.rodata.* .rel.gnu.linkonce.r.*)
 *(.rel.data.rel.ro .rel.data.rel.ro.* .rel.gnu.linkonce.d.rel.ro.*)
 *(.rel.data .rel.data.* .rel.gnu.linkonce.d.*)
 *(.rel.tdata .rel.tdata.* .rel.gnu.linkonce.td.*)
 *(.rel.tbss .rel.tbss.* .rel.gnu.linkonce.tb.*)
 *(.rel.ctors)
 *(.rel.dtors)
 *(.rel.got)
 *(.rel.bss .rel.bss.* .rel.gnu.linkonce.b.*)
                [!provide]                        PROVIDE (__rel_iplt_start = .)
 *(.rel.iplt)
 .rel.iplt      0x0000000000008024        0x0 /home/vakee/petalinux/tools/xsct/gnu/aarch32/lin/gcc-arm-none-eabi/bin/../aarch32-xilinx-eabi/usr/lib/thumb/nofp/crtbegin.o
                [!provide]                        PROVIDE (__rel_iplt_end = .)

.rela.dyn       0x0000000000008024        0x0
 *(.rela.init)
 *(.rela.text .rela.text.* .rela.gnu.linkonce.t.*)
 *(.rela.fini)
 *(.rela.rodata .rela.rodata.* .rela.gnu.linkonce.r.*)
 *(.rela.data .rela.data.* .rela.gnu.linkonce.d.*)
 *(.rela.tdata .rela.tdata.* .rela.gnu.linkonce.td.*)
 *(.rela.tbss .rela.tbss.* .rela.gnu.linkonce.tb.*)
 *(.rela.ctors)
 *(.rela.dtors)
 *(.rela.got)
 *(.rela.bss .rela.bss.* .rela.gnu.linkonce.b.*)
                [!provide]                        PROVIDE (__rela_iplt_start = .)
 *(.rela.iplt)
                [!provide]                        PROVIDE (__rela_iplt_end = .)

.rel.plt
 *(.rel.plt)

.rela.plt
 *(.rela.plt)

.init           0x0000000000008024        0xc
 *(SORT_NONE(.init))
 .init          0x0000000000008024        0x4 /home/vakee/petalinux/tools/xsct/gnu/aarch32/lin/gcc-arm-none-eabi/bin/../aarch32-xilinx-eabi/usr/lib/thumb/nofp/crti.o
                0x0000000000008024                _init
 .init          0x0000000000008028        0x8 /home/vakee/petalinux/tools/xsct/gnu/aarch32/lin/gcc-arm-none-eabi/bin/../aarch32-xilinx-eabi/usr/lib/thumb/nofp/crtn.o

.plt
 *(.plt)

.iplt           0x0000000000008030        0x0
 *(.iplt)
 .iplt          0x0000000000008030        0x0 /home/vakee/petalinux/tools/xsct/gnu/aarch32/lin/gcc-arm-none-eabi/bin/../aarch32-xilinx-eabi/usr/lib/thumb/nofp/crtbegin.o

.text           0x0000000000008030      0xba0
 *(.text.unlikely .text.*_unlikely .text.unlikely.*)
 *(.text.exit .text.exit.*)
 *(.text.startup .text.startup.*)
 *(.text.hot .text.hot.*)
 *(.text .stub .text.* .gnu.linkonce.t.*)
 .text          0x0000000000008030        0x0 /home/vakee/petalinux/tools/xsct/gnu/aarch32/lin/gcc-arm-none-eabi/bin/../aarch32-xilinx-eabi/usr/lib/thumb/nofp/crti.o
 .text          0x0000000000008030       0xb4 /home/vakee/petalinux/tools/xsct/gnu/aarch32/lin/gcc-arm-none-eabi/bin/../aarch32-xilinx-eabi/usr/lib/thumb/nofp/crtbegin.o
 .text          0x00000000000080e4       0xf4 /home/vakee/petalinux/tools/xsct/gnu/aarch32/lin/gcc-arm-none-eabi/bin/../aarch32-xilinx-eabi/usr/lib/thumb/nofp/crt0.o
                0x00000000000080e4                _mainCRTStartup
                0x00000000000080e4                _start
                0x000000000000817c                __change_mode
                0x00000000000081b8                change_back
 .text          0x00000000000081d8       0x58 /tmp/ccD7CcEm.o
                0x00000000000081d8                main
 .text          0x0000000000008230       0x74 /tmp/ccOJ1upo.o
                0x0000000000008230                func
 .text          0x00000000000082a4       0x14 /home/vakee/petalinux/tools/xsct/gnu/aarch32/lin/gcc-arm-none-eabi/bin/../aarch32-xilinx-eabi/usr/lib/thumb/nofp/libg.a(lib_a-atexit.o)
                0x00000000000082a4                atexit
 .text          0x00000000000082b8       0x28 /home/vakee/petalinux/tools/xsct/gnu/aarch32/lin/gcc-arm-none-eabi/bin/../aarch32-xilinx-eabi/usr/lib/thumb/nofp/libg.a(lib_a-exit.o)
                0x00000000000082b8                exit
 .text          0x00000000000082e0       0x30 /home/vakee/petalinux/tools/xsct/gnu/aarch32/lin/gcc-arm-none-eabi/bin/../aarch32-xilinx-eabi/usr/lib/thumb/nofp/libg.a(lib_a-fini.o)
                0x00000000000082e0                __libc_fini_array
 .text          0x0000000000008310        0x0 /home/vakee/petalinux/tools/xsct/gnu/aarch32/lin/gcc-arm-none-eabi/bin/../aarch32-xilinx-eabi/usr/lib/thumb/nofp/libg.a(lib_a-impure.o)
 .text          0x0000000000008310       0x54 /home/vakee/petalinux/tools/xsct/gnu/aarch32/lin/gcc-arm-none-eabi/bin/../aarch32-xilinx-eabi/usr/lib/thumb/nofp/libg.a(lib_a-init.o)
                0x0000000000008310                __libc_init_array
 .text          0x0000000000008364       0x30 /home/vakee/petalinux/tools/xsct/gnu/aarch32/lin/gcc-arm-none-eabi/bin/../aarch32-xilinx-eabi/usr/lib/thumb/nofp/libg.a(lib_a-malloc.o)
                0x0000000000008364                malloc
                0x000000000000837c                free
 .text          0x0000000000008394      0x428 /home/vakee/petalinux/tools/xsct/gnu/aarch32/lin/gcc-arm-none-eabi/bin/../aarch32-xilinx-eabi/usr/lib/thumb/nofp/libg.a(lib_a-mallocr.o)
                0x0000000000008394                _malloc_r
 .text          0x00000000000087bc       0x10 /home/vakee/petalinux/tools/xsct/gnu/aarch32/lin/gcc-arm-none-eabi/bin/../aarch32-xilinx-eabi/usr/lib/thumb/nofp/libg.a(lib_a-memset.o)
                0x00000000000087bc                memset
 .text          0x00000000000087cc        0x4 /home/vakee/petalinux/tools/xsct/gnu/aarch32/lin/gcc-arm-none-eabi/bin/../aarch32-xilinx-eabi/usr/lib/thumb/nofp/libg.a(lib_a-mlock.o)
                0x00000000000087cc                __malloc_lock
                0x00000000000087ce                __malloc_unlock
 .text          0x00000000000087d0       0x28 /home/vakee/petalinux/tools/xsct/gnu/aarch32/lin/gcc-arm-none-eabi/bin/../aarch32-xilinx-eabi/usr/lib/thumb/nofp/libg.a(lib_a-sbrkr.o)
                0x00000000000087d0                _sbrk_r
 .text          0x00000000000087f8       0x6c /home/vakee/petalinux/tools/xsct/gnu/aarch32/lin/gcc-arm-none-eabi/bin/../aarch32-xilinx-eabi/usr/lib/thumb/nofp/libg.a(lib_a-__atexit.o)
                0x00000000000087f8                __register_exitproc
 .text          0x0000000000008864       0xa8 /home/vakee/petalinux/tools/xsct/gnu/aarch32/lin/gcc-arm-none-eabi/bin/../aarch32-xilinx-eabi/usr/lib/thumb/nofp/libg.a(lib_a-__call_atexit.o)
                0x0000000000008864                __call_exitprocs
 .text          0x000000000000890c      0x208 /home/vakee/petalinux/tools/xsct/gnu/aarch32/lin/gcc-arm-none-eabi/bin/../aarch32-xilinx-eabi/usr/lib/thumb/nofp/libg.a(lib_a-freer.o)
                0x000000000000890c                _malloc_trim_r
                0x00000000000089ac                _free_r
 .text          0x0000000000008b14       0xbc /home/vakee/petalinux/tools/xsct/gnu/aarch32/lin/gcc-arm-none-eabi/bin/../aarch32-xilinx-eabi/usr/lib/thumb/nofp/libg.a(lib_a-reent.o)
                0x0000000000008b14                cleanup_glue
                0x0000000000008b32                _reclaim_reent
 .text          0x0000000000008bd0        0x0 /home/vakee/petalinux/tools/xsct/gnu/aarch32/lin/gcc-arm-none-eabi/bin/../aarch32-xilinx-eabi/usr/lib/thumb/nofp/crtend.o
 .text          0x0000000000008bd0        0x0 /home/vakee/petalinux/tools/xsct/gnu/aarch32/lin/gcc-arm-none-eabi/bin/../aarch32-xilinx-eabi/usr/lib/thumb/nofp/crtn.o
 *(.gnu.warning)
 *(.glue_7t)
 .glue_7t       0x0000000000008bd0        0x0 linker stubs
 *(.glue_7)
 .glue_7        0x0000000000008bd0        0x0 linker stubs
 *(.vfp11_veneer)
 .vfp11_veneer  0x0000000000008bd0        0x0 linker stubs
 *(.v4_bx)
 .v4_bx         0x0000000000008bd0        0x0 linker stubs

.fini           0x0000000000008bd0        0xc
 *(SORT_NONE(.fini))
 .fini          0x0000000000008bd0        0x4 /home/vakee/petalinux/tools/xsct/gnu/aarch32/lin/gcc-arm-none-eabi/bin/../aarch32-xilinx-eabi/usr/lib/thumb/nofp/crti.o
                0x0000000000008bd0                _fini
 .fini          0x0000000000008bd4        0x8 /home/vakee/petalinux/tools/xsct/gnu/aarch32/lin/gcc-arm-none-eabi/bin/../aarch32-xilinx-eabi/usr/lib/thumb/nofp/crtn.o
                [!provide]                        PROVIDE (__etext = .)
                [!provide]                        PROVIDE (_etext = .)
                [!provide]                        PROVIDE (etext = .)

.rodata         0x0000000000008bdc       0x18
 *(.rodata .rodata.* .gnu.linkonce.r.*)
 .rodata        0x0000000000008bdc        0x4 /tmp/ccD7CcEm.o
                0x0000000000008bdc                g2
 .rodata        0x0000000000008be0        0xe /tmp/ccOJ1upo.o
 *fill*         0x0000000000008bee        0x2 
 .rodata        0x0000000000008bf0        0x4 /home/vakee/petalinux/tools/xsct/gnu/aarch32/lin/gcc-arm-none-eabi/bin/../aarch32-xilinx-eabi/usr/lib/thumb/nofp/libg.a(lib_a-impure.o)
                0x0000000000008bf0                _global_impure_ptr

.rodata1
 *(.rodata1)

.ARM.extab      0x0000000000008bf4        0x0
 *(.ARM.extab* .gnu.linkonce.armextab.*)
 .ARM.extab     0x0000000000008bf4        0x0 /home/vakee/petalinux/tools/xsct/gnu/aarch32/lin/gcc-arm-none-eabi/bin/../aarch32-xilinx-eabi/usr/lib/thumb/nofp/crt0.o
                [!provide]                        PROVIDE (__exidx_start = .)

.ARM.exidx      0x0000000000008bf4        0x8
 *(.ARM.exidx* .gnu.linkonce.armexidx.*)
 .ARM.exidx     0x0000000000008bf4        0x8 /home/vakee/petalinux/tools/xsct/gnu/aarch32/lin/gcc-arm-none-eabi/bin/../aarch32-xilinx-eabi/usr/lib/thumb/nofp/crt0.o
                [!provide]                        PROVIDE (__exidx_end = .)

.eh_frame_hdr
 *(.eh_frame_hdr)
 *(.eh_frame_entry .eh_frame_entry.*)

.eh_frame       0x0000000000008bfc        0x4
 *(.eh_frame)
 .eh_frame      0x0000000000008bfc        0x0 /home/vakee/petalinux/tools/xsct/gnu/aarch32/lin/gcc-arm-none-eabi/bin/../aarch32-xilinx-eabi/usr/lib/thumb/nofp/crtbegin.o
 .eh_frame      0x0000000000008bfc        0x4 /home/vakee/petalinux/tools/xsct/gnu/aarch32/lin/gcc-arm-none-eabi/bin/../aarch32-xilinx-eabi/usr/lib/thumb/nofp/crtend.o
 *(.eh_frame.*)

.gcc_except_table
 *(.gcc_except_table .gcc_except_table.*)

.gnu_extab
 *(.gnu_extab*)

.exception_ranges
 *(.exception_ranges*)
                0x0000000000018c00                . = (ALIGN (CONSTANT (MAXPAGESIZE)) + (. & (CONSTANT (MAXPAGESIZE) - 0x1)))

.eh_frame
 *(.eh_frame)
 *(.eh_frame.*)

.gnu_extab
 *(.gnu_extab)

.gcc_except_table
 *(.gcc_except_table .gcc_except_table.*)

.exception_ranges
 *(.exception_ranges*)

.tdata          0x0000000000018c00        0x0
                [!provide]                        PROVIDE (__tdata_start = .)
 *(.tdata .tdata.* .gnu.linkonce.td.*)

.tbss
 *(.tbss .tbss.* .gnu.linkonce.tb.*)
 *(.tcommon)

.preinit_array  0x0000000000018c00        0x0
                0x0000000000018c00                PROVIDE (__preinit_array_start = .)
 *(.preinit_array)
                0x0000000000018c00                PROVIDE (__preinit_array_end = .)

.init_array     0x0000000000018c00        0x4
                0x0000000000018c00                PROVIDE (__init_array_start = .)
 *(SORT_BY_INIT_PRIORITY(.init_array.*) SORT_BY_INIT_PRIORITY(.ctors.*))
 *(.init_array EXCLUDE_FILE(*crtend?.o *crtend.o *crtbegin?.o *crtbegin.o) .ctors)
 .init_array    0x0000000000018c00        0x4 /home/vakee/petalinux/tools/xsct/gnu/aarch32/lin/gcc-arm-none-eabi/bin/../aarch32-xilinx-eabi/usr/lib/thumb/nofp/crtbegin.o
                0x0000000000018c04                PROVIDE (__init_array_end = .)

.fini_array     0x0000000000018c04        0x4
                0x0000000000018c04                PROVIDE (__fini_array_start = .)
 *(SORT_BY_INIT_PRIORITY(.fini_array.*) SORT_BY_INIT_PRIORITY(.dtors.*))
 *(.fini_array EXCLUDE_FILE(*crtend?.o *crtend.o *crtbegin?.o *crtbegin.o) .dtors)
 .fini_array    0x0000000000018c04        0x4 /home/vakee/petalinux/tools/xsct/gnu/aarch32/lin/gcc-arm-none-eabi/bin/../aarch32-xilinx-eabi/usr/lib/thumb/nofp/crtbegin.o
                0x0000000000018c08                PROVIDE (__fini_array_end = .)

.ctors
 *crtbegin.o(.ctors)
 *crtbegin?.o(.ctors)
 *(EXCLUDE_FILE(*crtend?.o *crtend.o) .ctors)
 *(SORT_BY_NAME(.ctors.*))
 *(.ctors)

.dtors
 *crtbegin.o(.dtors)
 *crtbegin?.o(.dtors)
 *(EXCLUDE_FILE(*crtend?.o *crtend.o) .dtors)
 *(SORT_BY_NAME(.dtors.*))
 *(.dtors)

.jcr
 *(.jcr)

.data.rel.ro
 *(.data.rel.ro.local* .gnu.linkonce.d.rel.ro.local.*)
 *(.data.rel.ro .data.rel.ro.* .gnu.linkonce.d.rel.ro.*)

.dynamic
 *(.dynamic)

.got            0x0000000000018c08        0x0
 *(.got.plt)
 *(.igot.plt)
 .igot.plt      0x0000000000018c08        0x0 /home/vakee/petalinux/tools/xsct/gnu/aarch32/lin/gcc-arm-none-eabi/bin/../aarch32-xilinx-eabi/usr/lib/thumb/nofp/crtbegin.o
 *(.got)
 *(.igot)

.data           0x0000000000018c08      0x870
                0x0000000000018c08                __data_start = .
 *(.data .data.* .gnu.linkonce.d.*)
 .data          0x0000000000018c08        0x0 /home/vakee/petalinux/tools/xsct/gnu/aarch32/lin/gcc-arm-none-eabi/bin/../aarch32-xilinx-eabi/usr/lib/thumb/nofp/crti.o
 .data          0x0000000000018c08        0x4 /home/vakee/petalinux/tools/xsct/gnu/aarch32/lin/gcc-arm-none-eabi/bin/../aarch32-xilinx-eabi/usr/lib/thumb/nofp/crtbegin.o
                0x0000000000018c08                __dso_handle
 .data          0x0000000000018c0c        0x0 /home/vakee/petalinux/tools/xsct/gnu/aarch32/lin/gcc-arm-none-eabi/bin/../aarch32-xilinx-eabi/usr/lib/thumb/nofp/crt0.o
 .data          0x0000000000018c0c        0x1 /tmp/ccD7CcEm.o
                0x0000000000018c0c                g3
 *fill*         0x0000000000018c0d        0x3 
 .data          0x0000000000018c10       0x28 /tmp/ccOJ1upo.o
                0x0000000000018c10                g5
 .data          0x0000000000018c38        0x0 /home/vakee/petalinux/tools/xsct/gnu/aarch32/lin/gcc-arm-none-eabi/bin/../aarch32-xilinx-eabi/usr/lib/thumb/nofp/libg.a(lib_a-atexit.o)
 .data          0x0000000000018c38        0x0 /home/vakee/petalinux/tools/xsct/gnu/aarch32/lin/gcc-arm-none-eabi/bin/../aarch32-xilinx-eabi/usr/lib/thumb/nofp/libg.a(lib_a-exit.o)
 .data          0x0000000000018c38        0x0 /home/vakee/petalinux/tools/xsct/gnu/aarch32/lin/gcc-arm-none-eabi/bin/../aarch32-xilinx-eabi/usr/lib/thumb/nofp/libg.a(lib_a-fini.o)
 .data          0x0000000000018c38      0x430 /home/vakee/petalinux/tools/xsct/gnu/aarch32/lin/gcc-arm-none-eabi/bin/../aarch32-xilinx-eabi/usr/lib/thumb/nofp/libg.a(lib_a-impure.o)
                0x0000000000018c38                _impure_ptr
 .data          0x0000000000019068        0x0 /home/vakee/petalinux/tools/xsct/gnu/aarch32/lin/gcc-arm-none-eabi/bin/../aarch32-xilinx-eabi/usr/lib/thumb/nofp/libg.a(lib_a-init.o)
 .data          0x0000000000019068        0x0 /home/vakee/petalinux/tools/xsct/gnu/aarch32/lin/gcc-arm-none-eabi/bin/../aarch32-xilinx-eabi/usr/lib/thumb/nofp/libg.a(lib_a-malloc.o)
 .data          0x0000000000019068      0x410 /home/vakee/petalinux/tools/xsct/gnu/aarch32/lin/gcc-arm-none-eabi/bin/../aarch32-xilinx-eabi/usr/lib/thumb/nofp/libg.a(lib_a-mallocr.o)
                0x0000000000019068                __malloc_sbrk_base
                0x000000000001906c                __malloc_trim_threshold
                0x0000000000019070                __malloc_av_
 .data          0x0000000000019478        0x0 /home/vakee/petalinux/tools/xsct/gnu/aarch32/lin/gcc-arm-none-eabi/bin/../aarch32-xilinx-eabi/usr/lib/thumb/nofp/libg.a(lib_a-memset.o)
 .data          0x0000000000019478        0x0 /home/vakee/petalinux/tools/xsct/gnu/aarch32/lin/gcc-arm-none-eabi/bin/../aarch32-xilinx-eabi/usr/lib/thumb/nofp/libg.a(lib_a-mlock.o)
 .data          0x0000000000019478        0x0 /home/vakee/petalinux/tools/xsct/gnu/aarch32/lin/gcc-arm-none-eabi/bin/../aarch32-xilinx-eabi/usr/lib/thumb/nofp/libg.a(lib_a-sbrkr.o)
 .data          0x0000000000019478        0x0 /home/vakee/petalinux/tools/xsct/gnu/aarch32/lin/gcc-arm-none-eabi/bin/../aarch32-xilinx-eabi/usr/lib/thumb/nofp/libg.a(lib_a-__atexit.o)
 .data          0x0000000000019478        0x0 /home/vakee/petalinux/tools/xsct/gnu/aarch32/lin/gcc-arm-none-eabi/bin/../aarch32-xilinx-eabi/usr/lib/thumb/nofp/libg.a(lib_a-__call_atexit.o)
 .data          0x0000000000019478        0x0 /home/vakee/petalinux/tools/xsct/gnu/aarch32/lin/gcc-arm-none-eabi/bin/../aarch32-xilinx-eabi/usr/lib/thumb/nofp/libg.a(lib_a-freer.o)
 .data          0x0000000000019478        0x0 /home/vakee/petalinux/tools/xsct/gnu/aarch32/lin/gcc-arm-none-eabi/bin/../aarch32-xilinx-eabi/usr/lib/thumb/nofp/libg.a(lib_a-reent.o)
 .data          0x0000000000019478        0x0 /home/vakee/petalinux/tools/xsct/gnu/aarch32/lin/gcc-arm-none-eabi/bin/../aarch32-xilinx-eabi/usr/lib/thumb/nofp/crtend.o
 .data          0x0000000000019478        0x0 /home/vakee/petalinux/tools/xsct/gnu/aarch32/lin/gcc-arm-none-eabi/bin/../aarch32-xilinx-eabi/usr/lib/thumb/nofp/crtn.o

.tm_clone_table
                0x0000000000019478        0x0
 .tm_clone_table
                0x0000000000019478        0x0 /home/vakee/petalinux/tools/xsct/gnu/aarch32/lin/gcc-arm-none-eabi/bin/../aarch32-xilinx-eabi/usr/lib/thumb/nofp/crtbegin.o
 .tm_clone_table
                0x0000000000019478        0x0 /home/vakee/petalinux/tools/xsct/gnu/aarch32/lin/gcc-arm-none-eabi/bin/../aarch32-xilinx-eabi/usr/lib/thumb/nofp/crtend.o

.data1
 *(.data1)
                0x0000000000019478                _edata = .
                [!provide]                        PROVIDE (edata = .)
                0x0000000000019478                . = .
                0x0000000000019478                __bss_start = .
                0x0000000000019478                __bss_start__ = .

.bss            0x0000000000019478       0x60
 *(.dynbss)
 *(.bss .bss.* .gnu.linkonce.b.*)
 .bss           0x0000000000019478        0x0 /home/vakee/petalinux/tools/xsct/gnu/aarch32/lin/gcc-arm-none-eabi/bin/../aarch32-xilinx-eabi/usr/lib/thumb/nofp/crti.o
 .bss           0x0000000000019478       0x1c /home/vakee/petalinux/tools/xsct/gnu/aarch32/lin/gcc-arm-none-eabi/bin/../aarch32-xilinx-eabi/usr/lib/thumb/nofp/crtbegin.o
 .bss           0x0000000000019494        0x0 /home/vakee/petalinux/tools/xsct/gnu/aarch32/lin/gcc-arm-none-eabi/bin/../aarch32-xilinx-eabi/usr/lib/thumb/nofp/crt0.o
 .bss           0x0000000000019494        0x5 /tmp/ccD7CcEm.o
                0x0000000000019498                g4
 *fill*         0x0000000000019499        0x3 
 .bss           0x000000000001949c        0x4 /tmp/ccOJ1upo.o
 .bss           0x00000000000194a0        0x0 /home/vakee/petalinux/tools/xsct/gnu/aarch32/lin/gcc-arm-none-eabi/bin/../aarch32-xilinx-eabi/usr/lib/thumb/nofp/libg.a(lib_a-atexit.o)
 .bss           0x00000000000194a0        0x0 /home/vakee/petalinux/tools/xsct/gnu/aarch32/lin/gcc-arm-none-eabi/bin/../aarch32-xilinx-eabi/usr/lib/thumb/nofp/libg.a(lib_a-exit.o)
 .bss           0x00000000000194a0        0x0 /home/vakee/petalinux/tools/xsct/gnu/aarch32/lin/gcc-arm-none-eabi/bin/../aarch32-xilinx-eabi/usr/lib/thumb/nofp/libg.a(lib_a-fini.o)
 .bss           0x00000000000194a0        0x0 /home/vakee/petalinux/tools/xsct/gnu/aarch32/lin/gcc-arm-none-eabi/bin/../aarch32-xilinx-eabi/usr/lib/thumb/nofp/libg.a(lib_a-impure.o)
 .bss           0x00000000000194a0        0x0 /home/vakee/petalinux/tools/xsct/gnu/aarch32/lin/gcc-arm-none-eabi/bin/../aarch32-xilinx-eabi/usr/lib/thumb/nofp/libg.a(lib_a-init.o)
 .bss           0x00000000000194a0        0x0 /home/vakee/petalinux/tools/xsct/gnu/aarch32/lin/gcc-arm-none-eabi/bin/../aarch32-xilinx-eabi/usr/lib/thumb/nofp/libg.a(lib_a-malloc.o)
 .bss           0x00000000000194a0       0x34 /home/vakee/petalinux/tools/xsct/gnu/aarch32/lin/gcc-arm-none-eabi/bin/../aarch32-xilinx-eabi/usr/lib/thumb/nofp/libg.a(lib_a-mallocr.o)
                0x00000000000194a0                __malloc_top_pad
                0x00000000000194a4                __malloc_current_mallinfo
                0x00000000000194cc                __malloc_max_sbrked_mem
                0x00000000000194d0                __malloc_max_total_mem
 .bss           0x00000000000194d4        0x0 /home/vakee/petalinux/tools/xsct/gnu/aarch32/lin/gcc-arm-none-eabi/bin/../aarch32-xilinx-eabi/usr/lib/thumb/nofp/libg.a(lib_a-memset.o)
 .bss           0x00000000000194d4        0x0 /home/vakee/petalinux/tools/xsct/gnu/aarch32/lin/gcc-arm-none-eabi/bin/../aarch32-xilinx-eabi/usr/lib/thumb/nofp/libg.a(lib_a-mlock.o)
 .bss           0x00000000000194d4        0x0 /home/vakee/petalinux/tools/xsct/gnu/aarch32/lin/gcc-arm-none-eabi/bin/../aarch32-xilinx-eabi/usr/lib/thumb/nofp/libg.a(lib_a-sbrkr.o)
 .bss           0x00000000000194d4        0x0 /home/vakee/petalinux/tools/xsct/gnu/aarch32/lin/gcc-arm-none-eabi/bin/../aarch32-xilinx-eabi/usr/lib/thumb/nofp/libg.a(lib_a-__atexit.o)
 .bss           0x00000000000194d4        0x0 /home/vakee/petalinux/tools/xsct/gnu/aarch32/lin/gcc-arm-none-eabi/bin/../aarch32-xilinx-eabi/usr/lib/thumb/nofp/libg.a(lib_a-__call_atexit.o)
 .bss           0x00000000000194d4        0x0 /home/vakee/petalinux/tools/xsct/gnu/aarch32/lin/gcc-arm-none-eabi/bin/../aarch32-xilinx-eabi/usr/lib/thumb/nofp/libg.a(lib_a-freer.o)
 .bss           0x00000000000194d4        0x0 /home/vakee/petalinux/tools/xsct/gnu/aarch32/lin/gcc-arm-none-eabi/bin/../aarch32-xilinx-eabi/usr/lib/thumb/nofp/libg.a(lib_a-reent.o)
 .bss           0x00000000000194d4        0x0 /home/vakee/petalinux/tools/xsct/gnu/aarch32/lin/gcc-arm-none-eabi/bin/../aarch32-xilinx-eabi/usr/lib/thumb/nofp/crtend.o
 .bss           0x00000000000194d4        0x0 /home/vakee/petalinux/tools/xsct/gnu/aarch32/lin/gcc-arm-none-eabi/bin/../aarch32-xilinx-eabi/usr/lib/thumb/nofp/crtn.o
 *(COMMON)
 COMMON         0x00000000000194d4        0x4 /home/vakee/petalinux/tools/xsct/gnu/aarch32/lin/gcc-arm-none-eabi/bin/../aarch32-xilinx-eabi/usr/lib/thumb/nofp/libg.a(lib_a-reent.o)
                0x00000000000194d4                errno
                0x00000000000194d8                . = ALIGN ((. != 0x0)?0x4:0x1)
                0x00000000000194d8                _bss_end__ = .
                0x00000000000194d8                __bss_end__ = .
                0x00000000000194d8                . = ALIGN (0x4)
                0x00000000000194d8                . = SEGMENT_START ("ldata-segment", .)
                0x00000000000194d8                . = ALIGN (0x4)
                0x00000000000194d8                __end__ = .
                0x00000000000194d8                _end = .
                [!provide]                        PROVIDE (end = .)

.stack          0x0000000000080000        0x0
                0x0000000000080000                _stack = .
 *(.stack)

.stab
 *(.stab)

.stabstr
 *(.stabstr)

.stab.excl
 *(.stab.excl)

.stab.exclstr
 *(.stab.exclstr)

.stab.index
 *(.stab.index)

.stab.indexstr
 *(.stab.indexstr)

.comment        0x0000000000000000       0x11
 *(.comment)
 .comment       0x0000000000000000       0x11 /home/vakee/petalinux/tools/xsct/gnu/aarch32/lin/gcc-arm-none-eabi/bin/../aarch32-xilinx-eabi/usr/lib/thumb/nofp/crtbegin.o
                                         0x12 (size before relaxing)
 .comment       0x0000000000000011       0x12 /tmp/ccD7CcEm.o
 .comment       0x0000000000000011       0x12 /tmp/ccOJ1upo.o
 .comment       0x0000000000000011       0x12 /home/vakee/petalinux/tools/xsct/gnu/aarch32/lin/gcc-arm-none-eabi/bin/../aarch32-xilinx-eabi/usr/lib/thumb/nofp/crtend.o

.gnu.build.attributes
 *(.gnu.build.attributes .gnu.build.attributes.*)

.debug
 *(.debug)

.line
 *(.line)

.debug_srcinfo
 *(.debug_srcinfo)

.debug_sfnames
 *(.debug_sfnames)

.debug_aranges  0x0000000000000000       0x60
 *(.debug_aranges)
 .debug_aranges
                0x0000000000000000       0x20 /home/vakee/petalinux/tools/xsct/gnu/aarch32/lin/gcc-arm-none-eabi/bin/../aarch32-xilinx-eabi/usr/lib/thumb/nofp/crt0.o
 .debug_aranges
                0x0000000000000020       0x20 /tmp/ccD7CcEm.o
 .debug_aranges
                0x0000000000000040       0x20 /tmp/ccOJ1upo.o

.debug_pubnames
 *(.debug_pubnames)

.debug_info     0x0000000000000000      0xa9f
 *(.debug_info .gnu.linkonce.wi.*)
 .debug_info    0x0000000000000000       0x26 /home/vakee/petalinux/tools/xsct/gnu/aarch32/lin/gcc-arm-none-eabi/bin/../aarch32-xilinx-eabi/usr/lib/thumb/nofp/crt0.o
 .debug_info    0x0000000000000026      0x9b6 /tmp/ccD7CcEm.o
 .debug_info    0x00000000000009dc       0xc3 /tmp/ccOJ1upo.o

.debug_abbrev   0x0000000000000000      0x2af
 *(.debug_abbrev)
 .debug_abbrev  0x0000000000000000       0x14 /home/vakee/petalinux/tools/xsct/gnu/aarch32/lin/gcc-arm-none-eabi/bin/../aarch32-xilinx-eabi/usr/lib/thumb/nofp/crt0.o
 .debug_abbrev  0x0000000000000014      0x1fc /tmp/ccD7CcEm.o
 .debug_abbrev  0x0000000000000210       0x9f /tmp/ccOJ1upo.o

.debug_line     0x0000000000000000      0x2cc
 *(.debug_line .debug_line.* .debug_line_end)
 .debug_line    0x0000000000000000       0xc1 /home/vakee/petalinux/tools/xsct/gnu/aarch32/lin/gcc-arm-none-eabi/bin/../aarch32-xilinx-eabi/usr/lib/thumb/nofp/crt0.o
 .debug_line    0x00000000000000c1      0x195 /tmp/ccD7CcEm.o
 .debug_line    0x0000000000000256       0x76 /tmp/ccOJ1upo.o

.debug_frame    0x0000000000000000       0x70
 *(.debug_frame)
 .debug_frame   0x0000000000000000       0x38 /tmp/ccD7CcEm.o
 .debug_frame   0x0000000000000038       0x38 /tmp/ccOJ1upo.o

.debug_str      0x0000000000000000      0x542
 *(.debug_str)
 .debug_str     0x0000000000000000       0x94 /home/vakee/petalinux/tools/xsct/gnu/aarch32/lin/gcc-arm-none-eabi/bin/../aarch32-xilinx-eabi/usr/lib/thumb/nofp/crt0.o
 .debug_str     0x0000000000000094      0x4a7 /tmp/ccD7CcEm.o
                                        0x4f9 (size before relaxing)
 .debug_str     0x000000000000053b        0x7 /tmp/ccOJ1upo.o
                                         0xa3 (size before relaxing)

.debug_loc
 *(.debug_loc)

.debug_macinfo
 *(.debug_macinfo)

.debug_weaknames
 *(.debug_weaknames)

.debug_funcnames
 *(.debug_funcnames)

.debug_typenames
 *(.debug_typenames)

.debug_varnames
 *(.debug_varnames)

.debug_pubtypes
 *(.debug_pubtypes)

.debug_ranges
 *(.debug_ranges)

.debug_macro
 *(.debug_macro)

.debug_addr
 *(.debug_addr)

.ARM.attributes
                0x0000000000000000       0x2c
 *(.ARM.attributes)
 .ARM.attributes
                0x0000000000000000       0x1c /home/vakee/petalinux/tools/xsct/gnu/aarch32/lin/gcc-arm-none-eabi/bin/../aarch32-xilinx-eabi/usr/lib/thumb/nofp/crti.o
 .ARM.attributes
                0x000000000000001c       0x2a /home/vakee/petalinux/tools/xsct/gnu/aarch32/lin/gcc-arm-none-eabi/bin/../aarch32-xilinx-eabi/usr/lib/thumb/nofp/crtbegin.o
 .ARM.attributes
                0x0000000000000046       0x1a /home/vakee/petalinux/tools/xsct/gnu/aarch32/lin/gcc-arm-none-eabi/bin/../aarch32-xilinx-eabi/usr/lib/thumb/nofp/crt0.o
 .ARM.attributes
                0x0000000000000060       0x2e /tmp/ccD7CcEm.o
 .ARM.attributes
                0x000000000000008e       0x2e /tmp/ccOJ1upo.o
 .ARM.attributes
                0x00000000000000bc       0x2a /home/vakee/petalinux/tools/xsct/gnu/aarch32/lin/gcc-arm-none-eabi/bin/../aarch32-xilinx-eabi/usr/lib/thumb/nofp/libg.a(lib_a-atexit.o)
 .ARM.attributes
                0x00000000000000e6       0x2a /home/vakee/petalinux/tools/xsct/gnu/aarch32/lin/gcc-arm-none-eabi/bin/../aarch32-xilinx-eabi/usr/lib/thumb/nofp/libg.a(lib_a-exit.o)
 .ARM.attributes
                0x0000000000000110       0x2a /home/vakee/petalinux/tools/xsct/gnu/aarch32/lin/gcc-arm-none-eabi/bin/../aarch32-xilinx-eabi/usr/lib/thumb/nofp/libg.a(lib_a-fini.o)
 .ARM.attributes
                0x000000000000013a       0x30 /home/vakee/petalinux/tools/xsct/gnu/aarch32/lin/gcc-arm-none-eabi/bin/../aarch32-xilinx-eabi/usr/lib/thumb/nofp/libg.a(lib_a-impure.o)
 .ARM.attributes
                0x000000000000016a       0x2a /home/vakee/petalinux/tools/xsct/gnu/aarch32/lin/gcc-arm-none-eabi/bin/../aarch32-xilinx-eabi/usr/lib/thumb/nofp/libg.a(lib_a-init.o)
 .ARM.attributes
                0x0000000000000194       0x2a /home/vakee/petalinux/tools/xsct/gnu/aarch32/lin/gcc-arm-none-eabi/bin/../aarch32-xilinx-eabi/usr/lib/thumb/nofp/libg.a(lib_a-malloc.o)
 .ARM.attributes
                0x00000000000001be       0x2a /home/vakee/petalinux/tools/xsct/gnu/aarch32/lin/gcc-arm-none-eabi/bin/../aarch32-xilinx-eabi/usr/lib/thumb/nofp/libg.a(lib_a-mallocr.o)
 .ARM.attributes
                0x00000000000001e8       0x2a /home/vakee/petalinux/tools/xsct/gnu/aarch32/lin/gcc-arm-none-eabi/bin/../aarch32-xilinx-eabi/usr/lib/thumb/nofp/libg.a(lib_a-memset.o)
 .ARM.attributes
                0x0000000000000212       0x2a /home/vakee/petalinux/tools/xsct/gnu/aarch32/lin/gcc-arm-none-eabi/bin/../aarch32-xilinx-eabi/usr/lib/thumb/nofp/libg.a(lib_a-mlock.o)
 .ARM.attributes
                0x000000000000023c       0x2a /home/vakee/petalinux/tools/xsct/gnu/aarch32/lin/gcc-arm-none-eabi/bin/../aarch32-xilinx-eabi/usr/lib/thumb/nofp/libg.a(lib_a-sbrkr.o)
 .ARM.attributes
                0x0000000000000266       0x2a /home/vakee/petalinux/tools/xsct/gnu/aarch32/lin/gcc-arm-none-eabi/bin/../aarch32-xilinx-eabi/usr/lib/thumb/nofp/libg.a(lib_a-__atexit.o)
 .ARM.attributes
                0x0000000000000290       0x2a /home/vakee/petalinux/tools/xsct/gnu/aarch32/lin/gcc-arm-none-eabi/bin/../aarch32-xilinx-eabi/usr/lib/thumb/nofp/libg.a(lib_a-__call_atexit.o)
 .ARM.attributes
                0x00000000000002ba       0x2a /home/vakee/petalinux/tools/xsct/gnu/aarch32/lin/gcc-arm-none-eabi/bin/../aarch32-xilinx-eabi/usr/lib/thumb/nofp/libg.a(lib_a-freer.o)
 .ARM.attributes
                0x00000000000002e4       0x2a /home/vakee/petalinux/tools/xsct/gnu/aarch32/lin/gcc-arm-none-eabi/bin/../aarch32-xilinx-eabi/usr/lib/thumb/nofp/libg.a(lib_a-reent.o)
 .ARM.attributes
                0x000000000000030e       0x30 /home/vakee/petalinux/tools/xsct/gnu/aarch32/lin/gcc-arm-none-eabi/bin/../aarch32-xilinx-eabi/usr/lib/thumb/nofp/crtend.o
 .ARM.attributes
                0x000000000000033e       0x1c /home/vakee/petalinux/tools/xsct/gnu/aarch32/lin/gcc-arm-none-eabi/bin/../aarch32-xilinx-eabi/usr/lib/thumb/nofp/crtn.o
 *(.gnu.attributes)

.note.gnu.arm.ident
 *(.note.gnu.arm.ident)

/DISCARD/
 *(.note.GNU-stack)
 *(.gnu_debuglink)
 *(.gnu.lto_*)
OUTPUT(main elf32-littlearm)
